[www.packdemusicas.com.br/premium/shows.html]
[backblue.gif]
[fade.gif]
[index.html]
[www.packdemusicas.com.br/premium/normalize.css]
[www.packdemusicas.com.br/premium/reset.css]
[www.packdemusicas.com.br/premium/img-Shows/favicon.png]
[www.packdemusicas.com.br/premium/estilo.css]
[www.packdemusicas.com.br/premium/img-Shows/logotipo.png]
[www.packdemusicas.com.br/premium/video.mp4]
[www.packdemusicas.com.br/premium/img-Shows/divisoria02.png]
[www.packdemusicas.com.br/premium/img-Shows/divisoria.png]
[www.packdemusicas.com.br/premium/img-Shows/capas/Sertanejo/01.png]
[www.packdemusicas.com.br/premium/img-Shows/capas/Sertanejo/04b.png]
[www.packdemusicas.com.br/premium/img-Shows/capas/Sertanejo/02.png]
[www.packdemusicas.com.br/premium/img-Shows/capas/Sertanejo/01c.png]
[www.packdemusicas.com.br/premium/img-Shows/capas/Sertanejo/02c.png]
[www.packdemusicas.com.br/premium/img-Shows/capas/Sertanejo/32.png]
[www.packdemusicas.com.br/premium/img-Shows/capas/Sertanejo/08.png]
[www.packdemusicas.com.br/premium/img-Shows/capas/Sertanejo/26b.png]
[www.packdemusicas.com.br/premium/img-Shows/capas/Sertanejo/05b.png]
[www.packdemusicas.com.br/premium/img-Shows/capas/Sertanejo/03.png]
[www.packdemusicas.com.br/premium/img-Shows/capas/Sertanejo/04.png]
[www.packdemusicas.com.br/premium/img-Shows/capas/Sertanejo/14a.png]
[www.packdemusicas.com.br/premium/img-Shows/capas/Sertanejo/10.png]
[www.packdemusicas.com.br/premium/img-Shows/capas/Sertanejo/12.png]
[www.packdemusicas.com.br/premium/img-Shows/capas/Sertanejo/11.png]
[www.packdemusicas.com.br/premium/img-Shows/capas/Sertanejo/41.png]
[www.packdemusicas.com.br/premium/img-Shows/capas/Sertanejo/57.png]
[www.packdemusicas.com.br/premium/img-Shows/capas/Sertanejo/13.png]
[www.packdemusicas.com.br/premium/img-Shows/capas/Sertanejo/21.png]
[www.packdemusicas.com.br/premium/img-Shows/capas/Sertanejo/12a.png]
[www.packdemusicas.com.br/premium/img-Shows/capas/Sertanejo/45.png]
[www.packdemusicas.com.br/premium/img-Shows/capas/Sertanejo/53.png]
[www.packdemusicas.com.br/premium/img-Shows/capas/Sertanejo/26a.png]
[www.packdemusicas.com.br/premium/img-Shows/capas/Sertanejo/54.png]
[www.packdemusicas.com.br/premium/img-Shows/capas/Sertanejo/26.png]
[www.packdemusicas.com.br/premium/img-Shows/capas/Sertanejo/29.png]
[www.packdemusicas.com.br/premium/img-Shows/capas/Sertanejo/29a.png]
[www.packdemusicas.com.br/premium/img-Shows/capas/Sertanejo/18.png]
[www.packdemusicas.com.br/premium/img-Shows/capas/Sertanejo/23.png]
[www.packdemusicas.com.br/premium/img-Shows/capas/Sertanejo/13a.png]
[www.packdemusicas.com.br/premium/img-Shows/capas/Sertanejo/05.png]
[www.packdemusicas.com.br/premium/img-Shows/capas/Sertanejo/08a.png]
[www.packdemusicas.com.br/premium/img-Shows/capas/Sertanejo/22.png]
[www.packdemusicas.com.br/premium/img-Shows/capas/Sertanejo/50.png]
[www.packdemusicas.com.br/premium/img-Shows/capas/Sertanejo/28.png]
[www.packdemusicas.com.br/premium/img-Shows/capas/Sertanejo/61.png]
[www.packdemusicas.com.br/premium/img-Shows/capas/Sertanejo/24.png]
[www.packdemusicas.com.br/premium/img-Shows/capas/Sertanejo/25a.png]
[www.packdemusicas.com.br/premium/img-Shows/capas/Sertanejo/25.png]
[www.packdemusicas.com.br/premium/img-Shows/capas/Sertanejo/14.png]
[www.packdemusicas.com.br/premium/img-Shows/capas/Sertanejo/10a.png]
[www.packdemusicas.com.br/premium/img-Shows/capas/Sertanejo/36.png]
[www.packdemusicas.com.br/premium/img-Shows/capas/Sertanejo/36a.png]
[www.packdemusicas.com.br/premium/img-Shows/capas/Sertanejo/20a.png]
[www.packdemusicas.com.br/premium/img-Shows/capas/Sertanejo/20.png]
[www.packdemusicas.com.br/premium/img-Shows/capas/Sertanejo/31.png]
[www.packdemusicas.com.br/premium/img-Shows/capas/Sertanejo/15a.png]
[www.packdemusicas.com.br/premium/img-Shows/capas/Sertanejo/15.png]
[www.packdemusicas.com.br/premium/img-Shows/capas/Sertanejo/09.png]
[www.packdemusicas.com.br/premium/img-Shows/capas/Sertanejo/09a.png]
[www.packdemusicas.com.br/premium/img-Shows/capas/Sertanejo/37.png]
[www.packdemusicas.com.br/premium/img-Shows/capas/Sertanejo/03a.png]
[www.packdemusicas.com.br/premium/img-Shows/capas/Sertanejo/55.png]
[www.packdemusicas.com.br/premium/img-Shows/capas/Sertanejo/40.png]
[www.packdemusicas.com.br/premium/img-Shows/capas/Sertanejo/35.png]
[www.packdemusicas.com.br/premium/img-Shows/capas/Sertanejo/16.png]
[www.packdemusicas.com.br/premium/img-Shows/capas/Sertanejo/16a.png]
[www.packdemusicas.com.br/premium/img-Shows/capas/Sertanejo/47.png]
[www.packdemusicas.com.br/premium/img-Shows/capas/Sertanejo/34.png]
[www.packdemusicas.com.br/premium/img-Shows/capas/Sertanejo/27.png]
[www.packdemusicas.com.br/premium/img-Shows/capas/Sertanejo/48.png]
[www.packdemusicas.com.br/premium/img-Shows/capas/Sertanejo/43.png]
[www.packdemusicas.com.br/premium/img-Shows/capas/Sertanejo/02d.png]
[www.packdemusicas.com.br/premium/img-Shows/capas/Sertanejo/59.png]
[www.packdemusicas.com.br/premium/img-Shows/capas/Sertanejo/02b.png]
[www.packdemusicas.com.br/premium/img-Shows/capas/Sertanejo/63.png]
[www.packdemusicas.com.br/premium/img-Shows/capas/sertanejo/07a.png]
[www.packdemusicas.com.br/premium/img-Shows/capas/Sertanejo/06.png]
[www.packdemusicas.com.br/premium/img-Shows/capas/Sertanejo/56.png]
[www.packdemusicas.com.br/premium/img-Shows/capas/Sertanejo/44.png]
[www.packdemusicas.com.br/premium/img-Shows/capas/Sertanejo/30.png]
[www.packdemusicas.com.br/premium/img-Shows/capas/Sertanejo/30a.png]
[www.packdemusicas.com.br/premium/img-Shows/capas/Sertanejo/52.png]
[www.packdemusicas.com.br/premium/img-Shows/capas/Sertanejo/02a.png]
[www.packdemusicas.com.br/premium/img-Shows/capas/Sertanejo/60.png]
[www.packdemusicas.com.br/premium/img-Shows/capas/Sertanejo/33.png]
[www.packdemusicas.com.br/premium/img-Shows/capas/Sertanejo/33a.png]
[www.packdemusicas.com.br/premium/img-Shows/capas/Sertanejo/07.png]
[www.packdemusicas.com.br/premium/img-Shows/capas/Sertanejo/07a.png]
[www.packdemusicas.com.br/premium/img-Shows/capas/Sertanejo/01a.png]
[www.packdemusicas.com.br/premium/img-Shows/capas/Sertanejo/62.png]
[www.packdemusicas.com.br/premium/img-Shows/capas/Sertanejo/21a.png]
[www.packdemusicas.com.br/premium/img-Shows/capas/Sertanejo/51.png]
[www.packdemusicas.com.br/premium/img-Shows/capas/Sertanejo/23a.png]
[www.packdemusicas.com.br/premium/img-Shows/capas/Sertanejo/49.png]
[www.packdemusicas.com.br/premium/img-Shows/capas/Sertanejo/39.png]
[www.packdemusicas.com.br/premium/img-Shows/capas/Sertanejo/24a.png]
[www.packdemusicas.com.br/premium/img-Shows/capas/Sertanejo/38.png]
[www.packdemusicas.com.br/premium/img-Shows/capas/Sertanejo/38a.png]
[www.packdemusicas.com.br/premium/img-Shows/capas/Sertanejo/34a.png]
[www.packdemusicas.com.br/premium/img-Shows/capas/Sertanejo/32a.png]
[www.packdemusicas.com.br/premium/img-Shows/capas/Sertanejo/42.png]
[www.packdemusicas.com.br/premium/img-Shows/capas/Sertanejo/42a.png]
[www.packdemusicas.com.br/premium/img-Shows/capas/Eletronicas/01.png]
[www.packdemusicas.com.br/premium/img-Shows/capas/Eletronicas/01a.png]
[www.packdemusicas.com.br/premium/img-Shows/capas/Eletronicas/19.png]
[www.packdemusicas.com.br/premium/img-Shows/capas/Eletronicas/11.png]
[www.packdemusicas.com.br/premium/img-Shows/capas/Eletronicas/02a.png]
[www.packdemusicas.com.br/premium/img-Shows/capas/Eletronicas/03.png]
[www.packdemusicas.com.br/premium/img-Shows/capas/Eletronicas/01b.png]
[www.packdemusicas.com.br/premium/img-Shows/capas/Eletronicas/02c.png]
[www.packdemusicas.com.br/premium/img-Shows/capas/Eletronicas/09a.png]
[www.packdemusicas.com.br/premium/img-Shows/capas/Eletronicas/14.png]
[www.packdemusicas.com.br/premium/img-Shows/capas/Eletronicas/05.png]
[www.packdemusicas.com.br/premium/img-Shows/capas/Eletronicas/12.png]
[www.packdemusicas.com.br/premium/img-Shows/capas/Eletronicas/13.png]
[www.packdemusicas.com.br/premium/img-Shows/capas/Eletronicas/11a.png]
[www.packdemusicas.com.br/premium/img-Shows/capas/Eletronicas/02.png]
[www.packdemusicas.com.br/premium/img-Shows/capas/Eletronicas/15.png]
[www.packdemusicas.com.br/premium/img-Shows/capas/Eletronicas/03a.png]
[www.packdemusicas.com.br/premium/img-Shows/capas/Eletronicas/07.png]
[www.packdemusicas.com.br/premium/img-Shows/capas/Eletronicas/21.png]
[www.packdemusicas.com.br/premium/img-Shows/capas/Eletronicas/22.png]
[www.packdemusicas.com.br/premium/img-Shows/capas/Eletronicas/17.png]
[www.packdemusicas.com.br/premium/img-Shows/capas/Eletronicas/06.png]
[www.packdemusicas.com.br/premium/img-Shows/capas/Eletronicas/06a.png]
[www.packdemusicas.com.br/premium/img-Shows/capas/Eletronicas/10.png]
[www.packdemusicas.com.br/premium/img-Shows/capas/Eletronicas/10a.png]
[www.packdemusicas.com.br/premium/img-Shows/capas/Eletronicas/16.png]
[www.packdemusicas.com.br/premium/img-Shows/capas/Eletronicas/09.png]
[www.packdemusicas.com.br/premium/img-Shows/capas/Eletronicas/04.png]
[www.packdemusicas.com.br/premium/img-Shows/capas/Eletronicas/08.png]
[www.packdemusicas.com.br/premium/img-Shows/capas/Eletronicas/18.png]
[www.packdemusicas.com.br/premium/img-Shows/capas/Eletronicas/02b.png]
[www.packdemusicas.com.br/premium/img-Shows/capas/Country/01.png]
[www.packdemusicas.com.br/premium/img-Shows/capas/Country/01a.png]
[www.packdemusicas.com.br/premium/img-Shows/capas/Country/01b.png]
[www.packdemusicas.com.br/premium/img-Shows/capas/Country/06.png]
[www.packdemusicas.com.br/premium/img-Shows/capas/Country/04.png]
[www.packdemusicas.com.br/premium/img-Shows/capas/Country/04a.png]
[www.packdemusicas.com.br/premium/img-Shows/capas/Country/04b.png]
[www.packdemusicas.com.br/premium/img-Shows/capas/Country/03.png]
[www.packdemusicas.com.br/premium/img-Shows/capas/Country/05.png]
[www.packdemusicas.com.br/premium/img-Shows/capas/Country/02.png]
[www.packdemusicas.com.br/premium/img-Shows/capas/Forro/13.png]
[www.packdemusicas.com.br/premium/img-Shows/capas/Forro/13a.png]
[www.packdemusicas.com.br/premium/img-Shows/capas/Forro/08.png]
[www.packdemusicas.com.br/premium/img-Shows/capas/Forro/14.png]
[www.packdemusicas.com.br/premium/img-Shows/capas/Forro/15.png]
[www.packdemusicas.com.br/premium/img-Shows/capas/Forro/15a.png]
[www.packdemusicas.com.br/premium/img-Shows/capas/Forro/38.png]
[www.packdemusicas.com.br/premium/img-Shows/capas/Forro/16b.png]
[www.packdemusicas.com.br/premium/img-Shows/capas/Forro/16a.png]
[www.packdemusicas.com.br/premium/img-Shows/capas/Forro/16.png]
[www.packdemusicas.com.br/premium/img-Shows/capas/Forro/09.png]
[www.packdemusicas.com.br/premium/img-Shows/capas/Forro/03.png]
[www.packdemusicas.com.br/premium/img-Shows/capas/Forro/42.png]
[www.packdemusicas.com.br/premium/img-Shows/capas/Forro/18.png]
[www.packdemusicas.com.br/premium/img-Shows/capas/Forro/18a.png]
[www.packdemusicas.com.br/premium/img-Shows/capas/Forro/19.png]
[www.packdemusicas.com.br/premium/img-Shows/capas/Forro/43.png]
[www.packdemusicas.com.br/premium/img-Shows/capas/Forro/43a.png]
[www.packdemusicas.com.br/premium/img-Shows/capas/Forro/30.png]
[www.packdemusicas.com.br/premium/img-Shows/capas/Forro/22.png]
[www.packdemusicas.com.br/premium/img-Shows/capas/Forro/22a.png]
[www.packdemusicas.com.br/premium/img-Shows/capas/Forro/23.png]
[www.packdemusicas.com.br/premium/img-Shows/capas/Forro/31.png]
[www.packdemusicas.com.br/premium/img-Shows/capas/Forro/24a.png]
[www.packdemusicas.com.br/premium/img-Shows/capas/Forro/24.png]
[www.packdemusicas.com.br/premium/img-Shows/capas/Forro/25.png]
[www.packdemusicas.com.br/premium/img-Shows/capas/Forro/26.png]
[www.packdemusicas.com.br/premium/img-Shows/capas/Forro/32.png]
[www.packdemusicas.com.br/premium/img-Shows/capas/Forro/28a.png]
[www.packdemusicas.com.br/premium/img-Shows/capas/Forro/29a.png]
[www.packdemusicas.com.br/premium/img-Shows/capas/Forro/29.png]
[www.packdemusicas.com.br/premium/img-Shows/capas/Forro/29b.png]
[www.packdemusicas.com.br/premium/img-Shows/capas/Forro/03a.png]
[www.packdemusicas.com.br/premium/img-Shows/capas/Forro/01.png]
[www.packdemusicas.com.br/premium/img-Shows/capas/Forro/44.png]
[www.packdemusicas.com.br/premium/img-Shows/capas/Forro/35.png]
[www.packdemusicas.com.br/premium/img-Shows/capas/Forro/04.png]
[www.packdemusicas.com.br/premium/img-Shows/capas/Forro/05.png]
[www.packdemusicas.com.br/premium/img-Shows/capas/Forro/05a.png]
[www.packdemusicas.com.br/premium/img-Shows/capas/Forro/45.png]
[www.packdemusicas.com.br/premium/img-Shows/capas/Forro/07.png]
[www.packdemusicas.com.br/premium/img-Shows/capas/Forro/08a.png]
[www.packdemusicas.com.br/premium/img-Shows/capas/Forro/02.png]
[www.packdemusicas.com.br/premium/img-Shows/capas/Forro/06.png]
[www.packdemusicas.com.br/premium/img-Shows/capas/Forro/06a.png]
[www.packdemusicas.com.br/premium/img-Shows/capas/Forro/34.png]
[www.packdemusicas.com.br/premium/img-Shows/capas/Forro/17.png]
[www.packdemusicas.com.br/premium/img-Shows/capas/Forro/23a.png]
[www.packdemusicas.com.br/premium/img-Shows/capas/Forro/17a.png]
[www.packdemusicas.com.br/premium/img-Shows/capas/Forro/10a.png]
[www.packdemusicas.com.br/premium/img-Shows/capas/Forro/10.png]
[www.packdemusicas.com.br/premium/img-Shows/capas/Forro/20.png]
[www.packdemusicas.com.br/premium/img-Shows/capas/Forro/22b.png]
[www.packdemusicas.com.br/premium/img-Shows/capas/Forro/05b.png]
[www.packdemusicas.com.br/premium/img-Shows/capas/Forro/10b.png]
[www.packdemusicas.com.br/premium/img-Shows/capas/Forro/41.png]
[www.packdemusicas.com.br/premium/img-Shows/capas/Forro/11.png]
[www.packdemusicas.com.br/premium/img-Shows/capas/Forro/12.png]
[www.packdemusicas.com.br/premium/img-Shows/capas/Rock/01.png]
[www.packdemusicas.com.br/premium/img-Shows/capas/Rock/01a.png]
[www.packdemusicas.com.br/premium/img-Shows/capas/Rock/02.png]
[www.packdemusicas.com.br/premium/img-Shows/capas/Rock/03.png]
[www.packdemusicas.com.br/premium/img-Shows/capas/Rock/03a.png]
[www.packdemusicas.com.br/premium/img-Shows/capas/Rock/05.png]
[www.packdemusicas.com.br/premium/img-Shows/capas/Rock/05b.png]
[www.packdemusicas.com.br/premium/img-Shows/capas/Rock/05a.png]
[www.packdemusicas.com.br/premium/img-Shows/capas/Rock/06.png]
[www.packdemusicas.com.br/premium/img-Shows/capas/Rock/06a.png]
[www.packdemusicas.com.br/premium/img-Shows/capas/Rock/35.png]
[www.packdemusicas.com.br/premium/img-Shows/capas/Rock/07.png]
[www.packdemusicas.com.br/premium/img-Shows/capas/Rock/07a.png]
[www.packdemusicas.com.br/premium/img-Shows/capas/Rock/08.png]
[www.packdemusicas.com.br/premium/img-Shows/capas/Rock/22.png]
[www.packdemusicas.com.br/premium/img-Shows/capas/Rock/09.png]
[www.packdemusicas.com.br/premium/img-Shows/capas/Rock/09a.png]
[www.packdemusicas.com.br/premium/img-Shows/capas/Rock/10.png]
[www.packdemusicas.com.br/premium/img-Shows/capas/Rock/29.png]
[www.packdemusicas.com.br/premium/img-Shows/capas/Rock/12.png]
[www.packdemusicas.com.br/premium/img-Shows/capas/Rock/12a.png]
[www.packdemusicas.com.br/premium/img-Shows/capas/Rock/11.png]
[www.packdemusicas.com.br/premium/img-Shows/capas/Rock/11a.png]
[www.packdemusicas.com.br/premium/img-Shows/capas/Rock/13.png]
[www.packdemusicas.com.br/premium/img-Shows/capas/Rock/13a.png]
[www.packdemusicas.com.br/premium/img-Shows/capas/Rock/14.png]
[www.packdemusicas.com.br/premium/img-Shows/capas/Rock/14a.png]
[www.packdemusicas.com.br/premium/img-Shows/capas/Rock/15.png]
[www.packdemusicas.com.br/premium/img-Shows/capas/Rock/15a.png]
[www.packdemusicas.com.br/premium/img-Shows/capas/Rock/16.png]
[www.packdemusicas.com.br/premium/img-Shows/capas/Rock/16a.png]
[www.packdemusicas.com.br/premium/img-Shows/capas/Rock/17.png]
[www.packdemusicas.com.br/premium/img-Shows/capas/Rock/17a.png]
[www.packdemusicas.com.br/premium/img-Shows/capas/Rock/18.png]
[www.packdemusicas.com.br/premium/img-Shows/capas/Rock/18a.png]
[www.packdemusicas.com.br/premium/img-Shows/capas/Rock/19.png]
[www.packdemusicas.com.br/premium/img-Shows/capas/Rock/19a.png]
[www.packdemusicas.com.br/premium/img-Shows/capas/Rock/21.png]
[www.packdemusicas.com.br/premium/img-Shows/capas/Rock/21a.png]
[www.packdemusicas.com.br/premium/img-Shows/capas/Rock/20.png]
[www.packdemusicas.com.br/premium/img-Shows/capas/Rock/20a.png]
[www.packdemusicas.com.br/premium/img-Shows/capas/Rock/22a.png]
[www.packdemusicas.com.br/premium/img-Shows/capas/Rock/23.png]
[www.packdemusicas.com.br/premium/img-Shows/capas/Rock/24.png]
[www.packdemusicas.com.br/premium/img-Shows/capas/Rock/25.png]
[www.packdemusicas.com.br/premium/img-Shows/capas/Rock/25a.png]
[www.packdemusicas.com.br/premium/img-Shows/capas/Rock/08a.png]
[www.packdemusicas.com.br/premium/img-Shows/capas/Rock/10a.png]
[www.packdemusicas.com.br/premium/img-Shows/capas/Rock/30.png]
[www.packdemusicas.com.br/premium/img-Shows/capas/Rock/23a.png]
[www.packdemusicas.com.br/premium/img-Shows/capas/Rock/27.png]
[www.packdemusicas.com.br/premium/img-Shows/capas/Rock/28.png]
[www.packdemusicas.com.br/premium/img-Shows/capas/Rock/28a.png]
[www.packdemusicas.com.br/premium/img-Shows/capas/Rock/27a.png]
[www.packdemusicas.com.br/premium/img-Shows/capas/Rock/30a.png]
[www.packdemusicas.com.br/premium/img-Shows/capas/Rock/04.png]
[www.packdemusicas.com.br/premium/img-Shows/capas/Rock/04a.png]
[www.packdemusicas.com.br/premium/img-Shows/capas/Rock/04b.png]
[www.packdemusicas.com.br/premium/img-Shows/capas/Rock/31.png]
[www.packdemusicas.com.br/premium/img-Shows/capas/Rock/31a.png]
[www.packdemusicas.com.br/premium/img-Shows/capas/Rock/32.png]
[www.packdemusicas.com.br/premium/img-Shows/capas/Rock/32a.png]
[www.packdemusicas.com.br/premium/img-Shows/capas/Rock/26.png]
[www.packdemusicas.com.br/premium/img-Shows/capas/Rock/26a.png]
[www.packdemusicas.com.br/premium/img-Shows/capas/Rock/33.png]
[www.packdemusicas.com.br/premium/img-Shows/capas/Rock/33a.png]
[www.packdemusicas.com.br/premium/img-Shows/capas/Rock/34.png]
[www.packdemusicas.com.br/premium/img-Shows/capas/Rock/34a.png]
[www.packdemusicas.com.br/premium/img-Shows/capas/Gospel/06.png]
[www.packdemusicas.com.br/premium/img-Shows/capas/Gospel/10.png]
[www.packdemusicas.com.br/premium/img-Shows/capas/Gospel/05.png]
[www.packdemusicas.com.br/premium/img-Shows/capas/Gospel/14.png]
[www.packdemusicas.com.br/premium/img-Shows/capas/Gospel/01.png]
[www.packdemusicas.com.br/premium/img-Shows/capas/Gospel/01a.png]
[www.packdemusicas.com.br/premium/img-Shows/capas/Gospel/05a.png]
[www.packdemusicas.com.br/premium/img-Shows/capas/Gospel/02.png]
[www.packdemusicas.com.br/premium/img-Shows/capas/Gospel/02a.png]
[www.packdemusicas.com.br/premium/img-Shows/capas/Gospel/07.png]
[www.packdemusicas.com.br/premium/img-Shows/capas/Gospel/06a.png]
[www.packdemusicas.com.br/premium/img-Shows/capas/Gospel/03.png]
[www.packdemusicas.com.br/premium/img-Shows/capas/Gospel/09.png]
[www.packdemusicas.com.br/premium/img-Shows/capas/Gospel/04.png]
[www.packdemusicas.com.br/premium/img-Shows/capas/Gospel/04a.png]
[www.packdemusicas.com.br/premium/img-Shows/capas/Gospel/08.png]
[www.packdemusicas.com.br/premium/img-Shows/capas/Gospel/13.png]
[www.packdemusicas.com.br/premium/img-Shows/capas/Gospel/15.png]
[www.packdemusicas.com.br/premium/img-Shows/capas/Gospel/12.png]
[www.packdemusicas.com.br/premium/img-Shows/capas/Gospel/12a.png]
[www.packdemusicas.com.br/premium/img-Shows/capas/Gospel/11.png]
[www.packdemusicas.com.br/premium/img-Shows/capas/Gospel/11a.png]
[www.packdemusicas.com.br/premium/img-Shows/capas/Gospel/04b.png]
[www.packdemusicas.com.br/premium/img-Shows/capas/Axe/04a.png]
[www.packdemusicas.com.br/premium/img-Shows/capas/Axe/03.png]
[www.packdemusicas.com.br/premium/img-Shows/capas/Axe/15.png]
[www.packdemusicas.com.br/premium/img-Shows/capas/Axe/13.png]
[www.packdemusicas.com.br/premium/img-Shows/capas/Axe/04.png]
[www.packdemusicas.com.br/premium/img-Shows/capas/Axe/06.png]
[www.packdemusicas.com.br/premium/img-Shows/capas/Axe/09.png]
[www.packdemusicas.com.br/premium/img-Shows/capas/Axe/05.png]
[www.packdemusicas.com.br/premium/img-Shows/capas/Axe/07.png]
[www.packdemusicas.com.br/premium/img-Shows/capas/Axe/12.png]
[www.packdemusicas.com.br/premium/img-Shows/capas/Axe/08.png]
[www.packdemusicas.com.br/premium/img-Shows/capas/Axe/11.png]
[www.packdemusicas.com.br/premium/img-Shows/capas/Axe/10.png]
[www.packdemusicas.com.br/premium/img-Shows/capas/Axe/01.png]
[www.packdemusicas.com.br/premium/img-Shows/capas/Axe/01b.png]
[www.packdemusicas.com.br/premium/img-Shows/capas/Axe/01a.png]
[www.packdemusicas.com.br/premium/img-Shows/capas/Axe/14a.png]
[www.packdemusicas.com.br/premium/img-Shows/capas/Axe/14.png]
[www.packdemusicas.com.br/premium/img-Shows/capas/Brega/07.png]
[www.packdemusicas.com.br/premium/img-Shows/capas/Brega/07a.png]
[www.packdemusicas.com.br/premium/img-Shows/capas/Brega/08.png]
[www.packdemusicas.com.br/premium/img-Shows/capas/Brega/01.png]
[www.packdemusicas.com.br/premium/img-Shows/capas/Brega/06.png]
[www.packdemusicas.com.br/premium/img-Shows/capas/Brega/02.png]
[www.packdemusicas.com.br/premium/img-Shows/capas/Brega/02a.png]
[www.packdemusicas.com.br/premium/img-Shows/capas/Brega/02c.png]
[www.packdemusicas.com.br/premium/img-Shows/capas/Brega/01a.png]
[www.packdemusicas.com.br/premium/img-Shows/capas/Brega/19.png]
[www.packdemusicas.com.br/premium/img-Shows/capas/Brega/17.png]
[www.packdemusicas.com.br/premium/img-Shows/capas/Brega/13.png]
[www.packdemusicas.com.br/premium/img-Shows/capas/Brega/05.png]
[www.packdemusicas.com.br/premium/img-Shows/capas/Brega/09.png]
[www.packdemusicas.com.br/premium/img-Shows/capas/Brega/04.png]
[www.packdemusicas.com.br/premium/img-Shows/capas/Brega/12.png]
[www.packdemusicas.com.br/premium/img-Shows/capas/Brega/10.png]
[www.packdemusicas.com.br/premium/img-Shows/capas/Brega/11.png]
[www.packdemusicas.com.br/premium/img-Shows/capas/Brega/16.png]
[www.packdemusicas.com.br/premium/img-Shows/capas/Funk/02.png]
[www.packdemusicas.com.br/premium/img-Shows/capas/Funk/03.png]
[www.packdemusicas.com.br/premium/img-Shows/capas/Funk/04.png]
[www.packdemusicas.com.br/premium/img-Shows/capas/Funk/05.png]
[www.packdemusicas.com.br/premium/img-Shows/capas/Funk/06.png]
[www.packdemusicas.com.br/premium/img-Shows/capas/Funk/08.png]
[www.packdemusicas.com.br/premium/img-Shows/capas/Funk/09.png]
[www.packdemusicas.com.br/premium/img-Shows/capas/Funk/10.png]
[www.packdemusicas.com.br/premium/img-Shows/capas/Funk/01.png]
[www.packdemusicas.com.br/premium/img-Shows/capas/Funk/01a.png]
[www.packdemusicas.com.br/premium/img-Shows/capas/Funk/07.png]
[www.packdemusicas.com.br/premium/img-Shows/capas/Black-Music/08.png]
[www.packdemusicas.com.br/premium/img-Shows/capas/Black-Music/09.png]
[www.packdemusicas.com.br/premium/img-Shows/capas/Black-Music/01a.png]
[www.packdemusicas.com.br/premium/img-Shows/capas/Black-Music/06.png]
[www.packdemusicas.com.br/premium/img-Shows/capas/Black-Music/02.png]
[www.packdemusicas.com.br/premium/img-Shows/capas/Black-Music/03.png]
[www.packdemusicas.com.br/premium/img-Shows/capas/Black-Music/04.png]
[www.packdemusicas.com.br/premium/img-Shows/capas/Black-Music/05.png]
[www.packdemusicas.com.br/premium/img-Shows/capas/Black-Music/01.png]
[www.packdemusicas.com.br/premium/img-Shows/capas/Black-Music/07.png]
[www.packdemusicas.com.br/premium/img-Shows/capas/MPB/10.png]
[www.packdemusicas.com.br/premium/img-Shows/capas/MPB/01.png]
[www.packdemusicas.com.br/premium/img-Shows/capas/MPB/02.png]
[www.packdemusicas.com.br/premium/img-Shows/capas/MPB/02a.png]
[www.packdemusicas.com.br/premium/img-Shows/capas/MPB/03.png]
[www.packdemusicas.com.br/premium/img-Shows/capas/MPB/03a.png]
[www.packdemusicas.com.br/premium/img-Shows/capas/MPB/03b.png]
[www.packdemusicas.com.br/premium/img-Shows/capas/MPB/04.png]
[www.packdemusicas.com.br/premium/img-Shows/capas/MPB/04a.png]
[www.packdemusicas.com.br/premium/img-Shows/capas/MPB/05.png]
[www.packdemusicas.com.br/premium/img-Shows/capas/MPB/05a.png]
[www.packdemusicas.com.br/premium/img-Shows/capas/MPB/06.png]
[www.packdemusicas.com.br/premium/img-Shows/capas/MPB/07.png]
[www.packdemusicas.com.br/premium/img-Shows/capas/MPB/08.png]
[www.packdemusicas.com.br/premium/img-Shows/capas/MPB/08a.png]
[www.packdemusicas.com.br/premium/img-Shows/capas/MPB/01a.png]
[www.packdemusicas.com.br/premium/img-Shows/capas/MPB/09.png]
[www.packdemusicas.com.br/premium/img-Shows/capas/MPB/09a.png]
[www.packdemusicas.com.br/premium/img-Shows/capas/MPB/11.png]
[www.packdemusicas.com.br/premium/img-Shows/capas/MPB/12.png]
[www.packdemusicas.com.br/premium/img-Shows/capas/MPB/18.png]
[www.packdemusicas.com.br/premium/img-Shows/capas/MPB/17.png]
[www.packdemusicas.com.br/premium/img-Shows/capas/MPB/07a.png]
[www.packdemusicas.com.br/premium/img-Shows/capas/MPB/16.png]
[www.packdemusicas.com.br/premium/img-Shows/capas/MPB/14.png]
[www.packdemusicas.com.br/premium/img-Shows/capas/MPB/14a.png]
[www.packdemusicas.com.br/premium/img-Shows/capas/MPB/12a.png]
[www.packdemusicas.com.br/premium/img-Shows/capas/MPB/15a.png]
[www.packdemusicas.com.br/premium/img-Shows/capas/MPB/15.png]
[www.packdemusicas.com.br/premium/img-Shows/capas/MPB/16a.png]
[www.packdemusicas.com.br/premium/img-Shows/capas/MPB/18a.png]
[www.packdemusicas.com.br/premium/img-Shows/capas/pagode-e-samba/04.png]
[www.packdemusicas.com.br/premium/img-Shows/capas/pagode-e-samba/05.png]
[www.packdemusicas.com.br/premium/img-Shows/capas/pagode-e-samba/07.png]
[www.packdemusicas.com.br/premium/img-Shows/capas/pagode-e-samba/07a.png]
[www.packdemusicas.com.br/premium/img-Shows/capas/pagode-e-samba/08.png]
[www.packdemusicas.com.br/premium/img-Shows/capas/pagode-e-samba/08a.png]
[www.packdemusicas.com.br/premium/img-Shows/capas/pagode-e-samba/11a.png]
[www.packdemusicas.com.br/premium/img-Shows/capas/pagode-e-samba/01.png]
[www.packdemusicas.com.br/premium/img-Shows/capas/pagode-e-samba/01a.png]
[www.packdemusicas.com.br/premium/img-Shows/capas/pagode-e-samba/12.png]
[www.packdemusicas.com.br/premium/img-Shows/capas/pagode-e-samba/13.png]
[www.packdemusicas.com.br/premium/img-Shows/capas/pagode-e-samba/13a.png]
[www.packdemusicas.com.br/premium/img-Shows/capas/pagode-e-samba/14.png]
[www.packdemusicas.com.br/premium/img-Shows/capas/pagode-e-samba/25.png]
[www.packdemusicas.com.br/premium/img-Shows/capas/pagode-e-samba/15.png]
[www.packdemusicas.com.br/premium/img-Shows/capas/pagode-e-samba/10.png]
[www.packdemusicas.com.br/premium/img-Shows/capas/pagode-e-samba/10a.png]
[www.packdemusicas.com.br/premium/img-Shows/capas/pagode-e-samba/16.png]
[www.packdemusicas.com.br/premium/img-Shows/capas/pagode-e-samba/17.png]
[www.packdemusicas.com.br/premium/img-Shows/capas/pagode-e-samba/18.png]
[www.packdemusicas.com.br/premium/img-Shows/capas/pagode-e-samba/19.png]
[www.packdemusicas.com.br/premium/img-Shows/capas/pagode-e-samba/50.png]
[www.packdemusicas.com.br/premium/img-Shows/capas/pagode-e-samba/02a.png]
[www.packdemusicas.com.br/premium/img-Shows/capas/pagode-e-samba/02.png]
[www.packdemusicas.com.br/premium/img-Shows/capas/pagode-e-samba/21.png]
[www.packdemusicas.com.br/premium/img-Shows/capas/pagode-e-samba/17a.png]
[www.packdemusicas.com.br/premium/img-Shows/capas/pagode-e-samba/22a.png]
[www.packdemusicas.com.br/premium/img-Shows/capas/pagode-e-samba/22.png]
[www.packdemusicas.com.br/premium/img-Shows/capas/pagode-e-samba/23.png]
[www.packdemusicas.com.br/premium/img-Shows/capas/pagode-e-samba/06a.png]
[www.packdemusicas.com.br/premium/img-Shows/capas/pagode-e-samba/03.png]
[www.packdemusicas.com.br/premium/img-Shows/capas/pagode-e-samba/26.png]
[www.packdemusicas.com.br/premium/img-Shows/capas/pagode-e-samba/03a.png]
[www.packdemusicas.com.br/premium/img-Shows/capas/pagode-e-samba/24.png]
[www.packdemusicas.com.br/premium/img-Shows/capas/pagode-e-samba/24a.png]
[www.packdemusicas.com.br/premium/img-Shows/capas/pagode-e-samba/26b.png]
[www.packdemusicas.com.br/premium/img-Shows/capas/pagode-e-samba/29.png]
[www.packdemusicas.com.br/premium/img-Shows/capas/pagode-e-samba/28.png]
[www.packdemusicas.com.br/premium/img-Shows/capas/pagode-e-samba/30.png]
[www.packdemusicas.com.br/premium/img-Shows/capas/pagode-e-samba/27.png]
[www.packdemusicas.com.br/premium/img-Shows/capas/pagode-e-samba/06.png]
[www.packdemusicas.com.br/premium/img-Shows/capas/pagode-e-samba/30a.png]
[www.packdemusicas.com.br/premium/img-Shows/capas/pagode-e-samba/31a.png]
[www.packdemusicas.com.br/premium/img-Shows/capas/pagode-e-samba/31.png]
[www.packdemusicas.com.br/premium/img-Shows/capas/pagode-e-samba/32.png]
[www.packdemusicas.com.br/premium/img-Shows/capas/pagode-e-samba/33.png]
[www.packdemusicas.com.br/premium/img-Shows/capas/pagode-e-samba/33a.png]
[www.packdemusicas.com.br/premium/img-Shows/capas/pagode-e-samba/34.png]
[www.packdemusicas.com.br/premium/img-Shows/capas/pagode-e-samba/35.png]
[www.packdemusicas.com.br/premium/img-Shows/capas/pagode-e-samba/36.png]
[www.packdemusicas.com.br/premium/img-Shows/capas/Pop/05.png]
[www.packdemusicas.com.br/premium/img-Shows/capas/Pop/05a.png]
[www.packdemusicas.com.br/premium/img-Shows/capas/Pop/01.png]
[www.packdemusicas.com.br/premium/img-Shows/capas/Pop/03.png]
[www.packdemusicas.com.br/premium/img-Shows/capas/Pop/03a.png]
[www.packdemusicas.com.br/premium/img-Shows/capas/Pop/16.png]
[www.packdemusicas.com.br/premium/img-Shows/capas/Pop/02a.png]
[www.packdemusicas.com.br/premium/img-Shows/capas/Pop/02.png]
[www.packdemusicas.com.br/premium/img-Shows/capas/Pop/04.png]
[www.packdemusicas.com.br/premium/img-Shows/capas/Pop/04a.png]
[www.packdemusicas.com.br/premium/img-Shows/capas/Pop/06.png]
[www.packdemusicas.com.br/premium/img-Shows/capas/Pop/06a.png]
[www.packdemusicas.com.br/premium/img-Shows/capas/Pop/07a.png]
[www.packdemusicas.com.br/premium/img-Shows/capas/Pop/07.png]
[www.packdemusicas.com.br/premium/img-Shows/capas/Pop/08.png]
[www.packdemusicas.com.br/premium/img-Shows/capas/Pop/08a.png]
[www.packdemusicas.com.br/premium/img-Shows/capas/Pop/35.png]
[www.packdemusicas.com.br/premium/img-Shows/capas/Pop/09.png]
[www.packdemusicas.com.br/premium/img-Shows/capas/Pop/09a.png]
[www.packdemusicas.com.br/premium/img-Shows/capas/Pop/31.png]
[www.packdemusicas.com.br/premium/img-Shows/capas/Pop/10.png]
[www.packdemusicas.com.br/premium/img-Shows/capas/Pop/11.png]
[www.packdemusicas.com.br/premium/img-Shows/capas/Pop/12.png]
[www.packdemusicas.com.br/premium/img-Shows/capas/Pop/13a.png]
[www.packdemusicas.com.br/premium/img-Shows/capas/Pop/13.png]
[www.packdemusicas.com.br/premium/img-Shows/capas/Pop/14.png]
[www.packdemusicas.com.br/premium/img-Shows/capas/Pop/14a.png]
[www.packdemusicas.com.br/premium/img-Shows/capas/pagode-e-samba/20.png]
[www.packdemusicas.com.br/premium/img-Shows/capas/Pop/15.png]
[www.packdemusicas.com.br/premium/img-Shows/capas/Pop/15a.png]
[www.packdemusicas.com.br/premium/img-Shows/capas/Pop/15b.png]
[www.packdemusicas.com.br/premium/img-Shows/capas/Pop/17.png]
[www.packdemusicas.com.br/premium/img-Shows/capas/Pop/17a.png]
[www.packdemusicas.com.br/premium/img-Shows/capas/Pop/18a.png]
[www.packdemusicas.com.br/premium/img-Shows/capas/Pop/18.png]
[www.packdemusicas.com.br/premium/img-Shows/capas/Pop/19.png]
[www.packdemusicas.com.br/premium/img-Shows/capas/Pop/19a.png]
[www.packdemusicas.com.br/premium/img-Shows/capas/Pop/20.png]
[www.packdemusicas.com.br/premium/img-Shows/capas/Pop/36.png]
[www.packdemusicas.com.br/premium/img-Shows/capas/Pop/21.png]
[www.packdemusicas.com.br/premium/img-Shows/capas/Pop/21a.png]
[www.packdemusicas.com.br/premium/img-Shows/capas/Pop/33.png]
[www.packdemusicas.com.br/premium/img-Shows/capas/Pop/34.png]
[www.packdemusicas.com.br/premium/img-Shows/capas/Pop/23a.png]
[www.packdemusicas.com.br/premium/img-Shows/capas/Pop/22.png]
[www.packdemusicas.com.br/premium/img-Shows/capas/Pop/22a.png]
[www.packdemusicas.com.br/premium/img-Shows/capas/Pop/10a.png]
[www.packdemusicas.com.br/premium/img-Shows/capas/Pop/32.png]
[www.packdemusicas.com.br/premium/img-Shows/capas/Pop/23.png]
[www.packdemusicas.com.br/premium/img-Shows/capas/Pop/23b.png]
[www.packdemusicas.com.br/premium/img-Shows/capas/Pop/24.png]
[www.packdemusicas.com.br/premium/img-Shows/capas/Pop/25.png]
[www.packdemusicas.com.br/premium/img-Shows/capas/Pop/25a.png]
[www.packdemusicas.com.br/premium/img-Shows/capas/Pop/20a.png]
[www.packdemusicas.com.br/premium/img-Shows/capas/Pop/26.png]
[www.packdemusicas.com.br/premium/img-Shows/capas/Pop/26a.png]
[www.packdemusicas.com.br/premium/img-Shows/capas/Pop/27.png]
[www.packdemusicas.com.br/premium/img-Shows/capas/Pop/27a.png]
[www.packdemusicas.com.br/premium/maisouvidos.html]
[www.packdemusicas.com.br/premium/img-Shows/Facebook.png]
[www.packdemusicas.com.br/premium/img-Shows/Youtube.png]
[www.packdemusicas.com.br/premium/img-Shows/Instagram.png]
[www.packdemusicas.com.br/premium/img-Shows/Whatsapp.png]
[www.packdemusicas.com/enginer.js]
[www.packdemusicas.com.br/premium/shows.html]
[www.packdemusicas.com.br/premium/normalize.css]
[www.packdemusicas.com.br/premium/reset.css]
[www.packdemusicas.com.br/premium/img-Shows/bgsegundotopo.png]
[www.packdemusicas.com.br/premium/img-Shows/bg.png]
[www.packdemusicas.com.br/premium/img-Shows/capas/03.png]
[www.packdemusicas.com.br/premium/img-Shows/capas/01.png 0.7]
[www.packdemusicas.com.br/premium/img-Shows/capas/01.png]
[www.packdemusicas.com.br/premium/img-Shows/capas/02.png 0.7]
[www.packdemusicas.com.br/premium/img-Shows/capas/02.png]
[www.packdemusicas.com.br/premium/img-Shows/capas/03.png 0.7]
[www.packdemusicas.com.br/premium/img-Shows/capas/04.png]
[www.packdemusicas.com.br/premium/img-Shows/capas/06.png 0.7]
[www.packdemusicas.com.br/premium/img-Shows/capas/06.png]
[www.packdemusicas.com.br/premium/img-Shows/capas/05.png 0.7]
[www.packdemusicas.com.br/premium/img-Shows/capas/05.png]
[www.packdemusicas.com.br/premium/img-Shows/capas/04.png 0.7]
[www.packdemusicas.com.br/premium/img-Shows/capas/07.png]
[www.packdemusicas.com.br/premium/img-Shows/capas/09.png 0.7]
[www.packdemusicas.com.br/premium/img-Shows/capas/09.png]
[www.packdemusicas.com.br/premium/img-Shows/capas/08.png 0.7]
[www.packdemusicas.com.br/premium/img-Shows/capas/08.png]
[www.packdemusicas.com.br/premium/img-Shows/capas/07.png 0.7]
[www.packdemusicas.com.br/premium/estilo.css]
[www.packdemusicas.com.br/premium/img-Shows/capas/sertanejo/07a.html]
[www.packdemusicas.com.br/premium/imgkaraoke/fav.png]
[www.packdemusicas.com.br/premium/script.js]
[www.packdemusicas.com.br/premium/maisouvidos.html]
[www.packdemusicas.com/enginer.js]
[www.packdemusicas.com.br/premium/img-Shows/capas/01.png 0.html]
[www.packdemusicas.com.br/premium/img-Shows/capas/02.png 0.html]
[www.packdemusicas.com.br/premium/img-Shows/capas/03.png 0.html]
[www.packdemusicas.com.br/premium/img-Shows/capas/06.png 0.html]
[www.packdemusicas.com.br/premium/img-Shows/capas/05.png 0.html]
[www.packdemusicas.com.br/premium/img-Shows/capas/04.png 0.html]
[www.packdemusicas.com.br/premium/img-Shows/capas/09.png 0.html]
[www.packdemusicas.com.br/premium/img-Shows/capas/08.png 0.html]
[www.packdemusicas.com.br/premium/img-Shows/capas/07.png 0.html]
[www.packdemusicas.com.br/premium/imgkaraoke/fav.html]
[www.packdemusicas.com.br/premium/script.html]
